============================= test session starts =============================
platform win32 -- Python 3.14.2, pytest-7.4.3, pluggy-1.6.0 -- D:\internship\backend\venv\Scripts\python.exe
cachedir: .pytest_cache
django: version: 4.2.7, settings: config.settings (from ini)
rootdir: D:\internship\backend
configfile: pytest.ini
plugins: cov-7.0.0, django-4.12.0
collecting ... collected 81 items / 1 error / 1 skipped

=================================== ERRORS ====================================
________________________ ERROR collecting api/tests.py ________________________
import file mismatch:
imported module 'api.tests' has this __file__ attribute:
  D:\internship\backend\api\tests
which is not the same as the test file we want to collect:
  D:\internship\backend\api\tests.py
HINT: remove __pycache__ / .pyc files and/or use a unique basename for your test file modules
============================== warnings summary ===============================
venv\Lib\site-packages\django\conf\__init__.py:289
  D:\internship\backend\venv\Lib\site-packages\django\conf\__init__.py:289: RemovedInDjango51Warning: The STATICFILES_STORAGE setting is deprecated. Use STORAGES instead.
    warnings.warn(STATICFILES_STORAGE_DEPRECATED_MSG, RemovedInDjango51Warning)

-- Docs: https://docs.pytest.org/en/stable/how-to/capture-warnings.html
=========================== short test summary info ===========================
ERROR api/tests.py
!!!!!!!!!!!!!!!!!!! Interrupted: 1 error during collection !!!!!!!!!!!!!!!!!!!!
=================== 1 skipped, 1 warning, 1 error in 4.73s ====================
